2026-06-16 14:31:22,853 - Namespace(device='cuda:0', dataset='PEMS08', years='2016', target=None, model_name='gwnet_plain_pems_crossyear_20260616', seed=2023, bs=64, seq_len=12, horizon=12, input_dim=3, output_dim=1, mode='train', max_epochs=100, patience=30, adj_type='doubletransition', adp_adj=0, init_dim=32, skip_dim=256, end_dim=512, lrate=0.001, wdecay=0.0001, dropout=0.3, clip_grad_value=5)
2026-06-16 14:31:22,853 - Adj path: /data/OuXiaoyu/mystg/baselines/ST-Expert/data/PEMS08/adj.npy
2026-06-16 14:31:23,056 - Data shape: (17856, 170, 3)
2026-06-16 14:31:23,148 - Sample num: 10700, Batch num: 167
2026-06-16 14:31:23,241 - Sample num: 3567, Batch num: 55
2026-06-16 14:31:23,332 - Sample num: 3566, Batch num: 55
2026-06-16 14:31:23,717 - The number of parameters: 280460
2026-06-16 14:31:23,717 - Start training!
2026-06-16 14:31:30,277 - Epoch: 001, Train Loss: 30.4885, Train RMSE: 42.8109, Train MAPE: 0.3661, Valid Loss: 24.6618, Valid RMSE: 35.8521, Valid MAPE: 0.3863, Train Time: 5.8903s/epoch, Valid Time: 0.6699s, LR: 1.0000e-03
2026-06-16 14:31:30,281 - Val loss decrease from inf to 24.6618
2026-06-16 14:31:36,445 - Epoch: 002, Train Loss: 25.3799, Train RMSE: 36.7484, Train MAPE: 0.2781, Valid Loss: 30.2541, Valid RMSE: 40.9784, Valid MAPE: 0.4178, Train Time: 5.5266s/epoch, Valid Time: 0.6377s, LR: 1.0000e-03
2026-06-16 14:31:42,633 - Epoch: 003, Train Loss: 23.4093, Train RMSE: 34.8931, Train MAPE: 0.2176, Valid Loss: 24.1310, Valid RMSE: 35.9686, Valid MAPE: 0.2924, Train Time: 5.5392s/epoch, Valid Time: 0.6484s, LR: 1.0000e-03
2026-06-16 14:31:42,637 - Val loss decrease from 24.6618 to 24.1310
2026-06-16 14:31:48,811 - Epoch: 004, Train Loss: 22.4650, Train RMSE: 33.9556, Train MAPE: 0.1998, Valid Loss: 20.0492, Valid RMSE: 31.7847, Valid MAPE: 0.1409, Train Time: 5.5374s/epoch, Valid Time: 0.6366s, LR: 1.0000e-03
2026-06-16 14:31:48,815 - Val loss decrease from 24.1310 to 20.0492
2026-06-16 14:31:54,981 - Epoch: 005, Train Loss: 22.1069, Train RMSE: 33.5863, Train MAPE: 0.1864, Valid Loss: 20.3946, Valid RMSE: 32.2526, Valid MAPE: 0.1425, Train Time: 5.5220s/epoch, Valid Time: 0.6446s, LR: 1.0000e-03
2026-06-16 14:32:01,154 - Epoch: 006, Train Loss: 21.1954, Train RMSE: 32.7127, Train MAPE: 0.1635, Valid Loss: 21.0704, Valid RMSE: 32.5865, Valid MAPE: 0.1432, Train Time: 5.5206s/epoch, Valid Time: 0.6517s, LR: 1.0000e-03
2026-06-16 14:32:07,323 - Epoch: 007, Train Loss: 20.5327, Train RMSE: 31.9314, Train MAPE: 0.1573, Valid Loss: 21.4531, Valid RMSE: 33.4427, Valid MAPE: 0.1516, Train Time: 5.5345s/epoch, Valid Time: 0.6342s, LR: 1.0000e-03
2026-06-16 14:32:13,496 - Epoch: 008, Train Loss: 20.4341, Train RMSE: 31.8127, Train MAPE: 0.1549, Valid Loss: 20.2006, Valid RMSE: 31.0841, Valid MAPE: 0.1828, Train Time: 5.5240s/epoch, Valid Time: 0.6490s, LR: 1.0000e-03
2026-06-16 14:32:19,658 - Epoch: 009, Train Loss: 19.9672, Train RMSE: 31.3405, Train MAPE: 0.1473, Valid Loss: 19.3002, Valid RMSE: 30.6634, Valid MAPE: 0.1388, Train Time: 5.5202s/epoch, Valid Time: 0.6415s, LR: 1.0000e-03
2026-06-16 14:32:19,661 - Val loss decrease from 20.0492 to 19.3002
2026-06-16 14:32:25,863 - Epoch: 010, Train Loss: 19.8701, Train RMSE: 31.1771, Train MAPE: 0.1512, Valid Loss: 20.3845, Valid RMSE: 31.3411, Valid MAPE: 0.1636, Train Time: 5.5639s/epoch, Valid Time: 0.6373s, LR: 1.0000e-03
2026-06-16 14:32:32,046 - Epoch: 011, Train Loss: 19.7646, Train RMSE: 31.0348, Train MAPE: 0.1502, Valid Loss: 19.2125, Valid RMSE: 30.3307, Valid MAPE: 0.1299, Train Time: 5.5474s/epoch, Valid Time: 0.6355s, LR: 1.0000e-03
2026-06-16 14:32:32,050 - Val loss decrease from 19.3002 to 19.2125
2026-06-16 14:32:38,232 - Epoch: 012, Train Loss: 19.5137, Train RMSE: 30.8160, Train MAPE: 0.1417, Valid Loss: 19.5193, Valid RMSE: 30.9315, Valid MAPE: 0.1457, Train Time: 5.5514s/epoch, Valid Time: 0.6305s, LR: 1.0000e-03
2026-06-16 14:32:44,438 - Epoch: 013, Train Loss: 19.2875, Train RMSE: 30.5725, Train MAPE: 0.1349, Valid Loss: 19.3571, Valid RMSE: 30.7351, Valid MAPE: 0.1338, Train Time: 5.5663s/epoch, Valid Time: 0.6398s, LR: 1.0000e-03
2026-06-16 14:32:50,640 - Epoch: 014, Train Loss: 19.2295, Train RMSE: 30.4628, Train MAPE: 0.1383, Valid Loss: 19.6736, Valid RMSE: 30.5727, Valid MAPE: 0.1589, Train Time: 5.5553s/epoch, Valid Time: 0.6463s, LR: 1.0000e-03
2026-06-16 14:32:56,808 - Epoch: 015, Train Loss: 19.0528, Train RMSE: 30.2147, Train MAPE: 0.1366, Valid Loss: 18.8408, Valid RMSE: 30.1076, Valid MAPE: 0.1295, Train Time: 5.5421s/epoch, Valid Time: 0.6262s, LR: 1.0000e-03
2026-06-16 14:32:56,812 - Val loss decrease from 19.2125 to 18.8408
2026-06-16 14:33:02,993 - Epoch: 016, Train Loss: 19.0229, Train RMSE: 30.1942, Train MAPE: 0.1357, Valid Loss: 18.3294, Valid RMSE: 29.4776, Valid MAPE: 0.1274, Train Time: 5.5441s/epoch, Valid Time: 0.6374s, LR: 1.0000e-03
2026-06-16 14:33:02,997 - Val loss decrease from 18.8408 to 18.3294
2026-06-16 14:33:09,177 - Epoch: 017, Train Loss: 18.8896, Train RMSE: 30.0499, Train MAPE: 0.1316, Valid Loss: 18.6029, Valid RMSE: 29.5707, Valid MAPE: 0.1391, Train Time: 5.5273s/epoch, Valid Time: 0.6523s, LR: 1.0000e-03
2026-06-16 14:33:15,384 - Epoch: 018, Train Loss: 18.7507, Train RMSE: 29.8702, Train MAPE: 0.1323, Valid Loss: 18.2728, Valid RMSE: 29.4322, Valid MAPE: 0.1201, Train Time: 5.5651s/epoch, Valid Time: 0.6421s, LR: 1.0000e-03
2026-06-16 14:33:15,388 - Val loss decrease from 18.3294 to 18.2728
2026-06-16 14:33:21,563 - Epoch: 019, Train Loss: 18.7557, Train RMSE: 29.8693, Train MAPE: 0.1308, Valid Loss: 18.1950, Valid RMSE: 29.1310, Valid MAPE: 0.1194, Train Time: 5.5299s/epoch, Valid Time: 0.6452s, LR: 1.0000e-03
2026-06-16 14:33:21,567 - Val loss decrease from 18.2728 to 18.1950
2026-06-16 14:33:27,756 - Epoch: 020, Train Loss: 18.6537, Train RMSE: 29.7039, Train MAPE: 0.1343, Valid Loss: 18.1682, Valid RMSE: 29.0556, Valid MAPE: 0.1289, Train Time: 5.5457s/epoch, Valid Time: 0.6426s, LR: 1.0000e-03
2026-06-16 14:33:27,759 - Val loss decrease from 18.1950 to 18.1682
2026-06-16 14:33:33,932 - Epoch: 021, Train Loss: 18.5816, Train RMSE: 29.5918, Train MAPE: 0.1332, Valid Loss: 18.2837, Valid RMSE: 29.3657, Valid MAPE: 0.1213, Train Time: 5.5152s/epoch, Valid Time: 0.6569s, LR: 1.0000e-03
2026-06-16 14:33:40,118 - Epoch: 022, Train Loss: 18.4790, Train RMSE: 29.5141, Train MAPE: 0.1281, Valid Loss: 18.0497, Valid RMSE: 29.0451, Valid MAPE: 0.1288, Train Time: 5.5599s/epoch, Valid Time: 0.6262s, LR: 1.0000e-03
2026-06-16 14:33:40,122 - Val loss decrease from 18.1682 to 18.0497
2026-06-16 14:33:46,317 - Epoch: 023, Train Loss: 18.3103, Train RMSE: 29.3158, Train MAPE: 0.1266, Valid Loss: 18.4883, Valid RMSE: 29.0370, Valid MAPE: 0.1851, Train Time: 5.5515s/epoch, Valid Time: 0.6442s, LR: 1.0000e-03
2026-06-16 14:33:52,501 - Epoch: 024, Train Loss: 18.3271, Train RMSE: 29.2747, Train MAPE: 0.1294, Valid Loss: 17.7578, Valid RMSE: 28.5582, Valid MAPE: 0.1194, Train Time: 5.5405s/epoch, Valid Time: 0.6432s, LR: 1.0000e-03
2026-06-16 14:33:52,505 - Val loss decrease from 18.0497 to 17.7578
2026-06-16 14:33:58,719 - Epoch: 025, Train Loss: 18.2258, Train RMSE: 29.1527, Train MAPE: 0.1282, Valid Loss: 17.7473, Valid RMSE: 28.5653, Valid MAPE: 0.1198, Train Time: 5.5774s/epoch, Valid Time: 0.6360s, LR: 1.0000e-03
2026-06-16 14:33:58,722 - Val loss decrease from 17.7578 to 17.7473
2026-06-16 14:34:04,922 - Epoch: 026, Train Loss: 18.2628, Train RMSE: 29.1655, Train MAPE: 0.1290, Valid Loss: 17.9146, Valid RMSE: 28.6788, Valid MAPE: 0.1327, Train Time: 5.5497s/epoch, Valid Time: 0.6495s, LR: 1.0000e-03
2026-06-16 14:34:11,149 - Epoch: 027, Train Loss: 18.1372, Train RMSE: 29.0039, Train MAPE: 0.1287, Valid Loss: 18.2451, Valid RMSE: 29.2624, Valid MAPE: 0.1198, Train Time: 5.5806s/epoch, Valid Time: 0.6470s, LR: 1.0000e-03
2026-06-16 14:34:17,365 - Epoch: 028, Train Loss: 18.0489, Train RMSE: 28.9236, Train MAPE: 0.1240, Valid Loss: 18.0718, Valid RMSE: 28.8838, Valid MAPE: 0.1247, Train Time: 5.5655s/epoch, Valid Time: 0.6504s, LR: 1.0000e-03
2026-06-16 14:34:23,596 - Epoch: 029, Train Loss: 17.9178, Train RMSE: 28.7544, Train MAPE: 0.1241, Valid Loss: 18.0111, Valid RMSE: 28.7179, Valid MAPE: 0.1404, Train Time: 5.5746s/epoch, Valid Time: 0.6558s, LR: 1.0000e-03
2026-06-16 14:34:29,786 - Epoch: 030, Train Loss: 17.9411, Train RMSE: 28.7628, Train MAPE: 0.1241, Valid Loss: 17.8811, Valid RMSE: 28.5334, Valid MAPE: 0.1344, Train Time: 5.5486s/epoch, Valid Time: 0.6411s, LR: 1.0000e-03
2026-06-16 14:34:35,989 - Epoch: 031, Train Loss: 17.8198, Train RMSE: 28.6103, Train MAPE: 0.1230, Valid Loss: 17.8590, Valid RMSE: 28.4159, Valid MAPE: 0.1363, Train Time: 5.5601s/epoch, Valid Time: 0.6430s, LR: 1.0000e-03
2026-06-16 14:34:42,190 - Epoch: 032, Train Loss: 17.7762, Train RMSE: 28.5066, Train MAPE: 0.1244, Valid Loss: 17.8817, Valid RMSE: 28.9048, Valid MAPE: 0.1189, Train Time: 5.5379s/epoch, Valid Time: 0.6628s, LR: 1.0000e-03
2026-06-16 14:34:48,400 - Epoch: 033, Train Loss: 17.7366, Train RMSE: 28.4998, Train MAPE: 0.1209, Valid Loss: 17.4090, Valid RMSE: 28.1133, Valid MAPE: 0.1245, Train Time: 5.5627s/epoch, Valid Time: 0.6471s, LR: 1.0000e-03
2026-06-16 14:34:48,403 - Val loss decrease from 17.7473 to 17.4090
2026-06-16 14:34:54,617 - Epoch: 034, Train Loss: 17.6871, Train RMSE: 28.3792, Train MAPE: 0.1248, Valid Loss: 18.1013, Valid RMSE: 28.6462, Valid MAPE: 0.1289, Train Time: 5.5410s/epoch, Valid Time: 0.6729s, LR: 1.0000e-03
2026-06-16 14:35:00,828 - Epoch: 035, Train Loss: 17.6216, Train RMSE: 28.3026, Train MAPE: 0.1219, Valid Loss: 17.5334, Valid RMSE: 28.1349, Valid MAPE: 0.1182, Train Time: 5.5641s/epoch, Valid Time: 0.6464s, LR: 1.0000e-03
2026-06-16 14:35:07,048 - Epoch: 036, Train Loss: 17.6098, Train RMSE: 28.2989, Train MAPE: 0.1220, Valid Loss: 17.3868, Valid RMSE: 27.9029, Valid MAPE: 0.1158, Train Time: 5.5455s/epoch, Valid Time: 0.6741s, LR: 1.0000e-03
2026-06-16 14:35:07,052 - Val loss decrease from 17.4090 to 17.3868
2026-06-16 14:35:13,259 - Epoch: 037, Train Loss: 17.4925, Train RMSE: 28.1404, Train MAPE: 0.1194, Valid Loss: 17.5326, Valid RMSE: 27.9745, Valid MAPE: 0.1165, Train Time: 5.5576s/epoch, Valid Time: 0.6491s, LR: 1.0000e-03
2026-06-16 14:35:19,497 - Epoch: 038, Train Loss: 17.4706, Train RMSE: 28.0742, Train MAPE: 0.1206, Valid Loss: 17.3206, Valid RMSE: 27.5021, Valid MAPE: 0.1565, Train Time: 5.5673s/epoch, Valid Time: 0.6705s, LR: 1.0000e-03
2026-06-16 14:35:19,500 - Val loss decrease from 17.3868 to 17.3206
2026-06-16 14:35:25,707 - Epoch: 039, Train Loss: 17.3507, Train RMSE: 27.9300, Train MAPE: 0.1196, Valid Loss: 17.1522, Valid RMSE: 27.6161, Valid MAPE: 0.1143, Train Time: 5.5622s/epoch, Valid Time: 0.6445s, LR: 1.0000e-03
2026-06-16 14:35:25,711 - Val loss decrease from 17.3206 to 17.1522
2026-06-16 14:35:31,931 - Epoch: 040, Train Loss: 17.4017, Train RMSE: 27.9380, Train MAPE: 0.1197, Valid Loss: 16.9905, Valid RMSE: 27.4763, Valid MAPE: 0.1148, Train Time: 5.5638s/epoch, Valid Time: 0.6566s, LR: 1.0000e-03
2026-06-16 14:35:31,936 - Val loss decrease from 17.1522 to 16.9905
2026-06-16 14:35:38,156 - Epoch: 041, Train Loss: 17.3519, Train RMSE: 27.9069, Train MAPE: 0.1181, Valid Loss: 16.9284, Valid RMSE: 27.4595, Valid MAPE: 0.1165, Train Time: 5.5505s/epoch, Valid Time: 0.6700s, LR: 1.0000e-03
2026-06-16 14:35:38,160 - Val loss decrease from 16.9905 to 16.9284
2026-06-16 14:35:44,393 - Epoch: 042, Train Loss: 17.2382, Train RMSE: 27.7622, Train MAPE: 0.1169, Valid Loss: 17.2137, Valid RMSE: 27.7237, Valid MAPE: 0.1330, Train Time: 5.5703s/epoch, Valid Time: 0.6631s, LR: 1.0000e-03
2026-06-16 14:35:50,589 - Epoch: 043, Train Loss: 17.2021, Train RMSE: 27.6953, Train MAPE: 0.1170, Valid Loss: 16.7645, Valid RMSE: 27.0697, Valid MAPE: 0.1256, Train Time: 5.5473s/epoch, Valid Time: 0.6481s, LR: 1.0000e-03
2026-06-16 14:35:50,593 - Val loss decrease from 16.9284 to 16.7645
2026-06-16 14:35:56,808 - Epoch: 044, Train Loss: 17.1583, Train RMSE: 27.5999, Train MAPE: 0.1184, Valid Loss: 16.8645, Valid RMSE: 27.2713, Valid MAPE: 0.1149, Train Time: 5.5516s/epoch, Valid Time: 0.6631s, LR: 1.0000e-03
2026-06-16 14:36:03,013 - Epoch: 045, Train Loss: 17.0746, Train RMSE: 27.4878, Train MAPE: 0.1187, Valid Loss: 16.9025, Valid RMSE: 27.2177, Valid MAPE: 0.1129, Train Time: 5.5456s/epoch, Valid Time: 0.6597s, LR: 1.0000e-03
2026-06-16 14:36:09,262 - Epoch: 046, Train Loss: 17.1486, Train RMSE: 27.5419, Train MAPE: 0.1194, Valid Loss: 17.1789, Valid RMSE: 27.5930, Valid MAPE: 0.1357, Train Time: 5.5709s/epoch, Valid Time: 0.6778s, LR: 1.0000e-03
2026-06-16 14:36:15,476 - Epoch: 047, Train Loss: 17.0331, Train RMSE: 27.4261, Train MAPE: 0.1164, Valid Loss: 16.7451, Valid RMSE: 26.9883, Valid MAPE: 0.1241, Train Time: 5.5570s/epoch, Valid Time: 0.6576s, LR: 1.0000e-03
2026-06-16 14:36:15,480 - Val loss decrease from 16.7645 to 16.7451
2026-06-16 14:36:21,722 - Epoch: 048, Train Loss: 16.9948, Train RMSE: 27.3481, Train MAPE: 0.1184, Valid Loss: 16.7464, Valid RMSE: 27.0120, Valid MAPE: 0.1164, Train Time: 5.5697s/epoch, Valid Time: 0.6724s, LR: 1.0000e-03
2026-06-16 14:36:27,950 - Epoch: 049, Train Loss: 16.9387, Train RMSE: 27.3097, Train MAPE: 0.1151, Valid Loss: 16.8549, Valid RMSE: 27.1828, Valid MAPE: 0.1148, Train Time: 5.5634s/epoch, Valid Time: 0.6640s, LR: 1.0000e-03
2026-06-16 14:36:34,210 - Epoch: 050, Train Loss: 16.9003, Train RMSE: 27.2370, Train MAPE: 0.1148, Valid Loss: 16.7484, Valid RMSE: 27.0134, Valid MAPE: 0.1215, Train Time: 5.5877s/epoch, Valid Time: 0.6719s, LR: 1.0000e-03
2026-06-16 14:36:40,417 - Epoch: 051, Train Loss: 16.8690, Train RMSE: 27.1572, Train MAPE: 0.1159, Valid Loss: 16.9015, Valid RMSE: 27.2208, Valid MAPE: 0.1177, Train Time: 5.5579s/epoch, Valid Time: 0.6494s, LR: 1.0000e-03
2026-06-16 14:36:46,645 - Epoch: 052, Train Loss: 16.7925, Train RMSE: 27.0482, Train MAPE: 0.1167, Valid Loss: 16.5891, Valid RMSE: 26.8453, Valid MAPE: 0.1146, Train Time: 5.5718s/epoch, Valid Time: 0.6557s, LR: 1.0000e-03
2026-06-16 14:36:46,648 - Val loss decrease from 16.7451 to 16.5891
2026-06-16 14:36:52,886 - Epoch: 053, Train Loss: 16.7696, Train RMSE: 27.0200, Train MAPE: 0.1165, Valid Loss: 16.7731, Valid RMSE: 27.0344, Valid MAPE: 0.1220, Train Time: 5.5716s/epoch, Valid Time: 0.6662s, LR: 1.0000e-03
2026-06-16 14:36:59,085 - Epoch: 054, Train Loss: 16.7860, Train RMSE: 27.0413, Train MAPE: 0.1146, Valid Loss: 16.5399, Valid RMSE: 26.7570, Valid MAPE: 0.1149, Train Time: 5.5438s/epoch, Valid Time: 0.6546s, LR: 1.0000e-03
2026-06-16 14:36:59,089 - Val loss decrease from 16.5891 to 16.5399
2026-06-16 14:37:05,297 - Epoch: 055, Train Loss: 16.7245, Train RMSE: 26.9570, Train MAPE: 0.1137, Valid Loss: 16.7520, Valid RMSE: 26.9719, Valid MAPE: 0.1179, Train Time: 5.5382s/epoch, Valid Time: 0.6704s, LR: 1.0000e-03
2026-06-16 14:37:11,563 - Epoch: 056, Train Loss: 16.6202, Train RMSE: 26.7914, Train MAPE: 0.1148, Valid Loss: 16.6366, Valid RMSE: 26.9744, Valid MAPE: 0.1154, Train Time: 5.5970s/epoch, Valid Time: 0.6686s, LR: 1.0000e-03
2026-06-16 14:37:17,789 - Epoch: 057, Train Loss: 16.6192, Train RMSE: 26.8066, Train MAPE: 0.1138, Valid Loss: 16.6818, Valid RMSE: 26.9599, Valid MAPE: 0.1183, Train Time: 5.5638s/epoch, Valid Time: 0.6624s, LR: 1.0000e-03
2026-06-16 14:37:24,009 - Epoch: 058, Train Loss: 16.5839, Train RMSE: 26.7630, Train MAPE: 0.1138, Valid Loss: 16.5662, Valid RMSE: 26.7712, Valid MAPE: 0.1137, Train Time: 5.5505s/epoch, Valid Time: 0.6693s, LR: 1.0000e-03
2026-06-16 14:37:30,241 - Epoch: 059, Train Loss: 16.5413, Train RMSE: 26.6800, Train MAPE: 0.1145, Valid Loss: 16.2607, Valid RMSE: 26.4219, Valid MAPE: 0.1112, Train Time: 5.5710s/epoch, Valid Time: 0.6611s, LR: 1.0000e-03
2026-06-16 14:37:30,245 - Val loss decrease from 16.5399 to 16.2607
2026-06-16 14:37:36,510 - Epoch: 060, Train Loss: 16.4957, Train RMSE: 26.6418, Train MAPE: 0.1116, Valid Loss: 16.5121, Valid RMSE: 26.6887, Valid MAPE: 0.1120, Train Time: 5.6006s/epoch, Valid Time: 0.6639s, LR: 1.0000e-03
2026-06-16 14:37:42,699 - Epoch: 061, Train Loss: 16.4231, Train RMSE: 26.5350, Train MAPE: 0.1121, Valid Loss: 16.0891, Valid RMSE: 26.2870, Valid MAPE: 0.1107, Train Time: 5.5378s/epoch, Valid Time: 0.6513s, LR: 1.0000e-03
2026-06-16 14:37:42,703 - Val loss decrease from 16.2607 to 16.0891
2026-06-16 14:37:48,967 - Epoch: 062, Train Loss: 16.4312, Train RMSE: 26.5290, Train MAPE: 0.1123, Valid Loss: 16.3026, Valid RMSE: 26.4432, Valid MAPE: 0.1186, Train Time: 5.5956s/epoch, Valid Time: 0.6689s, LR: 1.0000e-03
2026-06-16 14:37:55,179 - Epoch: 063, Train Loss: 16.3616, Train RMSE: 26.4417, Train MAPE: 0.1121, Valid Loss: 16.1637, Valid RMSE: 26.2838, Valid MAPE: 0.1101, Train Time: 5.5566s/epoch, Valid Time: 0.6550s, LR: 1.0000e-03
2026-06-16 14:38:01,456 - Epoch: 064, Train Loss: 16.3692, Train RMSE: 26.4440, Train MAPE: 0.1114, Valid Loss: 16.2891, Valid RMSE: 26.3779, Valid MAPE: 0.1250, Train Time: 5.5823s/epoch, Valid Time: 0.6948s, LR: 1.0000e-03
2026-06-16 14:38:07,670 - Epoch: 065, Train Loss: 16.3264, Train RMSE: 26.3643, Train MAPE: 0.1120, Valid Loss: 16.3107, Valid RMSE: 26.2902, Valid MAPE: 0.1104, Train Time: 5.5511s/epoch, Valid Time: 0.6621s, LR: 1.0000e-03
2026-06-16 14:38:13,911 - Epoch: 066, Train Loss: 16.3016, Train RMSE: 26.3426, Train MAPE: 0.1117, Valid Loss: 16.1605, Valid RMSE: 26.1999, Valid MAPE: 0.1101, Train Time: 5.5712s/epoch, Valid Time: 0.6703s, LR: 1.0000e-03
2026-06-16 14:38:20,122 - Epoch: 067, Train Loss: 16.2497, Train RMSE: 26.2552, Train MAPE: 0.1126, Valid Loss: 16.5367, Valid RMSE: 26.6328, Valid MAPE: 0.1150, Train Time: 5.5525s/epoch, Valid Time: 0.6584s, LR: 1.0000e-03
2026-06-16 14:38:26,357 - Epoch: 068, Train Loss: 16.2460, Train RMSE: 26.2465, Train MAPE: 0.1118, Valid Loss: 16.3862, Valid RMSE: 26.2761, Valid MAPE: 0.1239, Train Time: 5.5755s/epoch, Valid Time: 0.6588s, LR: 1.0000e-03
2026-06-16 14:38:32,566 - Epoch: 069, Train Loss: 16.1809, Train RMSE: 26.1660, Train MAPE: 0.1114, Valid Loss: 16.1511, Valid RMSE: 26.1125, Valid MAPE: 0.1204, Train Time: 5.5556s/epoch, Valid Time: 0.6536s, LR: 1.0000e-03
2026-06-16 14:38:38,814 - Epoch: 070, Train Loss: 16.1642, Train RMSE: 26.1470, Train MAPE: 0.1106, Valid Loss: 15.8432, Valid RMSE: 25.9385, Valid MAPE: 0.1081, Train Time: 5.5852s/epoch, Valid Time: 0.6631s, LR: 1.0000e-03
2026-06-16 14:38:38,818 - Val loss decrease from 16.0891 to 15.8432
2026-06-16 14:38:45,024 - Epoch: 071, Train Loss: 16.1384, Train RMSE: 26.1169, Train MAPE: 0.1106, Valid Loss: 16.3146, Valid RMSE: 26.2153, Valid MAPE: 0.1200, Train Time: 5.5542s/epoch, Valid Time: 0.6518s, LR: 1.0000e-03
2026-06-16 14:38:51,262 - Epoch: 072, Train Loss: 16.1723, Train RMSE: 26.1279, Train MAPE: 0.1115, Valid Loss: 15.9342, Valid RMSE: 26.0090, Valid MAPE: 0.1091, Train Time: 5.5723s/epoch, Valid Time: 0.6655s, LR: 1.0000e-03
2026-06-16 14:38:57,510 - Epoch: 073, Train Loss: 16.0811, Train RMSE: 26.0279, Train MAPE: 0.1103, Valid Loss: 15.8615, Valid RMSE: 25.8938, Valid MAPE: 0.1081, Train Time: 5.5704s/epoch, Valid Time: 0.6770s, LR: 1.0000e-03
2026-06-16 14:39:03,781 - Epoch: 074, Train Loss: 16.0816, Train RMSE: 26.0143, Train MAPE: 0.1100, Valid Loss: 15.9875, Valid RMSE: 25.9275, Valid MAPE: 0.1243, Train Time: 5.6052s/epoch, Valid Time: 0.6657s, LR: 1.0000e-03
2026-06-16 14:39:10,017 - Epoch: 075, Train Loss: 16.0289, Train RMSE: 25.9501, Train MAPE: 0.1099, Valid Loss: 15.9146, Valid RMSE: 25.9449, Valid MAPE: 0.1120, Train Time: 5.5739s/epoch, Valid Time: 0.6619s, LR: 1.0000e-03
2026-06-16 14:39:16,243 - Epoch: 076, Train Loss: 16.0408, Train RMSE: 25.9614, Train MAPE: 0.1081, Valid Loss: 15.8295, Valid RMSE: 25.8235, Valid MAPE: 0.1181, Train Time: 5.5657s/epoch, Valid Time: 0.6609s, LR: 1.0000e-03
2026-06-16 14:39:16,247 - Val loss decrease from 15.8432 to 15.8295
2026-06-16 14:39:22,493 - Epoch: 077, Train Loss: 16.0028, Train RMSE: 25.8854, Train MAPE: 0.1120, Valid Loss: 16.1063, Valid RMSE: 25.9849, Valid MAPE: 0.1104, Train Time: 5.5831s/epoch, Valid Time: 0.6628s, LR: 1.0000e-03
2026-06-16 14:39:28,753 - Epoch: 078, Train Loss: 16.0049, Train RMSE: 25.8843, Train MAPE: 0.1103, Valid Loss: 15.9202, Valid RMSE: 25.8009, Valid MAPE: 0.1215, Train Time: 5.5784s/epoch, Valid Time: 0.6819s, LR: 1.0000e-03
2026-06-16 14:39:34,998 - Epoch: 079, Train Loss: 15.9512, Train RMSE: 25.8241, Train MAPE: 0.1085, Valid Loss: 15.7014, Valid RMSE: 25.7271, Valid MAPE: 0.1100, Train Time: 5.5868s/epoch, Valid Time: 0.6574s, LR: 1.0000e-03
2026-06-16 14:39:35,002 - Val loss decrease from 15.8295 to 15.7014
2026-06-16 14:39:41,224 - Epoch: 080, Train Loss: 15.9259, Train RMSE: 25.7912, Train MAPE: 0.1092, Valid Loss: 15.7401, Valid RMSE: 25.6614, Valid MAPE: 0.1103, Train Time: 5.5629s/epoch, Valid Time: 0.6593s, LR: 1.0000e-03
2026-06-16 14:39:47,456 - Epoch: 081, Train Loss: 15.8722, Train RMSE: 25.7279, Train MAPE: 0.1087, Valid Loss: 16.0381, Valid RMSE: 25.9127, Valid MAPE: 0.1144, Train Time: 5.5686s/epoch, Valid Time: 0.6636s, LR: 1.0000e-03
2026-06-16 14:39:53,708 - Epoch: 082, Train Loss: 15.8464, Train RMSE: 25.6711, Train MAPE: 0.1103, Valid Loss: 15.8465, Valid RMSE: 25.7871, Valid MAPE: 0.1083, Train Time: 5.5908s/epoch, Valid Time: 0.6605s, LR: 1.0000e-03
2026-06-16 14:39:59,945 - Epoch: 083, Train Loss: 15.8291, Train RMSE: 25.6755, Train MAPE: 0.1075, Valid Loss: 15.8193, Valid RMSE: 25.7729, Valid MAPE: 0.1108, Train Time: 5.5704s/epoch, Valid Time: 0.6668s, LR: 1.0000e-03
2026-06-16 14:40:06,161 - Epoch: 084, Train Loss: 15.8331, Train RMSE: 25.6671, Train MAPE: 0.1075, Valid Loss: 15.7261, Valid RMSE: 25.7071, Valid MAPE: 0.1099, Train Time: 5.5607s/epoch, Valid Time: 0.6550s, LR: 1.0000e-03
2026-06-16 14:40:12,424 - Epoch: 085, Train Loss: 15.7806, Train RMSE: 25.5985, Train MAPE: 0.1070, Valid Loss: 15.6370, Valid RMSE: 25.5512, Valid MAPE: 0.1125, Train Time: 5.5930s/epoch, Valid Time: 0.6705s, LR: 1.0000e-03
2026-06-16 14:40:12,428 - Val loss decrease from 15.7014 to 15.6370
2026-06-16 14:40:18,652 - Epoch: 086, Train Loss: 15.7649, Train RMSE: 25.5746, Train MAPE: 0.1074, Valid Loss: 15.8886, Valid RMSE: 25.8044, Valid MAPE: 0.1139, Train Time: 5.5678s/epoch, Valid Time: 0.6560s, LR: 1.0000e-03
2026-06-16 14:40:24,931 - Epoch: 087, Train Loss: 15.7465, Train RMSE: 25.5264, Train MAPE: 0.1081, Valid Loss: 15.6297, Valid RMSE: 25.5321, Valid MAPE: 0.1074, Train Time: 5.5871s/epoch, Valid Time: 0.6916s, LR: 1.0000e-03
2026-06-16 14:40:24,935 - Val loss decrease from 15.6370 to 15.6297
2026-06-16 14:40:31,184 - Epoch: 088, Train Loss: 15.7099, Train RMSE: 25.4938, Train MAPE: 0.1067, Valid Loss: 15.6857, Valid RMSE: 25.5907, Valid MAPE: 0.1148, Train Time: 5.5855s/epoch, Valid Time: 0.6641s, LR: 1.0000e-03
2026-06-16 14:40:37,417 - Epoch: 089, Train Loss: 15.6786, Train RMSE: 25.4487, Train MAPE: 0.1077, Valid Loss: 15.7785, Valid RMSE: 25.7740, Valid MAPE: 0.1074, Train Time: 5.5773s/epoch, Valid Time: 0.6548s, LR: 1.0000e-03
2026-06-16 14:40:43,668 - Epoch: 090, Train Loss: 15.6921, Train RMSE: 25.4786, Train MAPE: 0.1058, Valid Loss: 15.6703, Valid RMSE: 25.5819, Valid MAPE: 0.1078, Train Time: 5.5725s/epoch, Valid Time: 0.6792s, LR: 1.0000e-03
2026-06-16 14:40:49,942 - Epoch: 091, Train Loss: 15.6279, Train RMSE: 25.3493, Train MAPE: 0.1090, Valid Loss: 15.6949, Valid RMSE: 25.5370, Valid MAPE: 0.1062, Train Time: 5.5930s/epoch, Valid Time: 0.6804s, LR: 1.0000e-03
2026-06-16 14:40:56,189 - Epoch: 092, Train Loss: 15.6268, Train RMSE: 25.3772, Train MAPE: 0.1062, Valid Loss: 15.5871, Valid RMSE: 25.6210, Valid MAPE: 0.1087, Train Time: 5.5686s/epoch, Valid Time: 0.6782s, LR: 1.0000e-03
2026-06-16 14:40:56,192 - Val loss decrease from 15.6297 to 15.5871
2026-06-16 14:41:02,462 - Epoch: 093, Train Loss: 15.6636, Train RMSE: 25.3804, Train MAPE: 0.1086, Valid Loss: 15.7937, Valid RMSE: 25.7801, Valid MAPE: 0.1113, Train Time: 5.5975s/epoch, Valid Time: 0.6723s, LR: 1.0000e-03
2026-06-16 14:41:08,703 - Epoch: 094, Train Loss: 15.5584, Train RMSE: 25.2895, Train MAPE: 0.1058, Valid Loss: 15.6157, Valid RMSE: 25.5151, Valid MAPE: 0.1145, Train Time: 5.5746s/epoch, Valid Time: 0.6657s, LR: 1.0000e-03
2026-06-16 14:41:14,960 - Epoch: 095, Train Loss: 15.5885, Train RMSE: 25.3152, Train MAPE: 0.1060, Valid Loss: 15.5927, Valid RMSE: 25.6039, Valid MAPE: 0.1169, Train Time: 5.5964s/epoch, Valid Time: 0.6608s, LR: 1.0000e-03
2026-06-16 14:41:21,168 - Epoch: 096, Train Loss: 15.5327, Train RMSE: 25.2452, Train MAPE: 0.1050, Valid Loss: 15.6949, Valid RMSE: 25.5393, Valid MAPE: 0.1040, Train Time: 5.5482s/epoch, Valid Time: 0.6597s, LR: 1.0000e-03
2026-06-16 14:41:27,380 - Epoch: 097, Train Loss: 15.5416, Train RMSE: 25.2367, Train MAPE: 0.1059, Valid Loss: 15.5307, Valid RMSE: 25.3687, Valid MAPE: 0.1211, Train Time: 5.5615s/epoch, Valid Time: 0.6505s, LR: 1.0000e-03
2026-06-16 14:41:27,384 - Val loss decrease from 15.5871 to 15.5307
2026-06-16 14:41:33,656 - Epoch: 098, Train Loss: 15.4994, Train RMSE: 25.1958, Train MAPE: 0.1046, Valid Loss: 15.8211, Valid RMSE: 25.6157, Valid MAPE: 0.1235, Train Time: 5.5897s/epoch, Valid Time: 0.6820s, LR: 1.0000e-03
2026-06-16 14:41:39,897 - Epoch: 099, Train Loss: 15.4914, Train RMSE: 25.1537, Train MAPE: 0.1068, Valid Loss: 15.6387, Valid RMSE: 25.5723, Valid MAPE: 0.1209, Train Time: 5.5604s/epoch, Valid Time: 0.6805s, LR: 1.0000e-03
2026-06-16 14:41:46,127 - Epoch: 100, Train Loss: 15.4628, Train RMSE: 25.1389, Train MAPE: 0.1064, Valid Loss: 15.7250, Valid RMSE: 25.5250, Valid MAPE: 0.1234, Train Time: 5.5673s/epoch, Valid Time: 0.6621s, LR: 1.0000e-03
2026-06-16 14:41:46,725 - Horizon 1, Test MAE: 13.0696, Test RMSE: 20.1334, Test MAPE: 0.1000
2026-06-16 14:41:46,728 - Horizon 2, Test MAE: 13.7443, Test RMSE: 21.5672, Test MAPE: 0.0956
2026-06-16 14:41:46,731 - Horizon 3, Test MAE: 14.3720, Test RMSE: 22.6363, Test MAPE: 0.1057
2026-06-16 14:41:46,734 - Horizon 4, Test MAE: 14.7374, Test RMSE: 23.3752, Test MAPE: 0.1087
2026-06-16 14:41:46,737 - Horizon 5, Test MAE: 15.0849, Test RMSE: 24.0165, Test MAPE: 0.1155
2026-06-16 14:41:46,740 - Horizon 6, Test MAE: 15.3326, Test RMSE: 24.5920, Test MAPE: 0.1104
2026-06-16 14:41:46,743 - Horizon 7, Test MAE: 15.6240, Test RMSE: 25.1381, Test MAPE: 0.1060
2026-06-16 14:41:46,745 - Horizon 8, Test MAE: 15.9742, Test RMSE: 25.6858, Test MAPE: 0.1146
2026-06-16 14:41:46,748 - Horizon 9, Test MAE: 16.2339, Test RMSE: 26.1051, Test MAPE: 0.1168
2026-06-16 14:41:46,751 - Horizon 10, Test MAE: 16.5546, Test RMSE: 26.5267, Test MAPE: 0.1288
2026-06-16 14:41:46,754 - Horizon 11, Test MAE: 16.8090, Test RMSE: 26.9222, Test MAPE: 0.1291
2026-06-16 14:41:46,757 - Horizon 12, Test MAE: 17.1822, Test RMSE: 27.5693, Test MAPE: 0.1253
2026-06-16 14:41:46,757 - Average Test MAE: 15.3932, Test RMSE: 24.5223, Test MAPE: 0.1130
2026-06-16 14:41:47,981 - Namespace(device='cuda:0', dataset='PEMS08', years='2016', target='2017', model_name='gwnet_plain_pems_crossyear_20260616', seed=2023, bs=64, seq_len=12, horizon=12, input_dim=3, output_dim=1, mode='test', max_epochs=100, patience=30, adj_type='doubletransition', adp_adj=0, init_dim=32, skip_dim=256, end_dim=512, lrate=0.001, wdecay=0.0001, dropout=0.3, clip_grad_value=5)
2026-06-16 14:41:47,982 - Adj path: /data/OuXiaoyu/mystg/baselines/ST-Expert/data/PEMS08/adj.npy
2026-06-16 14:41:48,165 - Data shape: (17856, 170, 3)
2026-06-16 14:41:48,258 - Sample num: 10700, Batch num: 167
2026-06-16 14:41:48,347 - Sample num: 3567, Batch num: 55
2026-06-16 14:41:48,436 - Sample num: 3566, Batch num: 55
2026-06-16 14:41:48,828 - The number of parameters: 280460
2026-06-16 14:41:49,571 - Horizon 1, Test MAE: 14.4022, Test RMSE: 22.4839, Test MAPE: 0.1026
2026-06-16 14:41:49,573 - Horizon 2, Test MAE: 15.7340, Test RMSE: 25.0471, Test MAPE: 0.1011
2026-06-16 14:41:49,576 - Horizon 3, Test MAE: 17.0069, Test RMSE: 27.2281, Test MAPE: 0.1139
2026-06-16 14:41:49,579 - Horizon 4, Test MAE: 18.0076, Test RMSE: 29.0972, Test MAPE: 0.1188
2026-06-16 14:41:49,581 - Horizon 5, Test MAE: 18.9440, Test RMSE: 30.7807, Test MAPE: 0.1273
2026-06-16 14:41:49,584 - Horizon 6, Test MAE: 19.7673, Test RMSE: 32.3114, Test MAPE: 0.1250
2026-06-16 14:41:49,586 - Horizon 7, Test MAE: 20.6851, Test RMSE: 33.8222, Test MAPE: 0.1236
2026-06-16 14:41:49,588 - Horizon 8, Test MAE: 21.5388, Test RMSE: 35.0416, Test MAPE: 0.1333
2026-06-16 14:41:49,591 - Horizon 9, Test MAE: 22.2656, Test RMSE: 36.1148, Test MAPE: 0.1377
2026-06-16 14:41:49,593 - Horizon 10, Test MAE: 22.9951, Test RMSE: 37.0800, Test MAPE: 0.1516
2026-06-16 14:41:49,596 - Horizon 11, Test MAE: 23.7127, Test RMSE: 38.1399, Test MAPE: 0.1536
2026-06-16 14:41:49,599 - Horizon 12, Test MAE: 24.5157, Test RMSE: 39.3201, Test MAPE: 0.1544
2026-06-16 14:41:49,599 - Average Test MAE: 19.9646, Test RMSE: 32.2056, Test MAPE: 0.1286
